{
    "test-dataset_cellrangermulti_aligner_human": {
        "content": [
            15,
            {
                "CELLRANGER_MKGTF": {
                    "cellranger": "10.0.0"
                },
                "FASTQC": {
                    "fastqc": "0.12.1"
                },
                "GUNZIP_FASTA": {
                    "gunzip": 1.1
                },
                "GUNZIP_GTF": {
                    "gunzip": 1.1
                }
            },
            [
                "cellrangermulti",
                "cellrangermulti/mkgtf",
                "cellrangermulti/mkgtf/Homo_sapiens.GRCh38.dna.chromosome.14_genes.filtered.gtf",
                "cellrangermulti/mkref",
                "cellrangermulti/mkref/GRCh38",
                "cellrangermulti/mkref/GRCh38/fasta",
                "cellrangermulti/mkref/GRCh38/fasta/genome.fa",
                "cellrangermulti/mkref/GRCh38/fasta/genome.fa.fai",
                "cellrangermulti/mkref/GRCh38/genes",
                "cellrangermulti/mkref/GRCh38/genes/genes.gtf.gz",
                "cellrangermulti/mkref/GRCh38/reference.json",
                "cellrangermulti/mkref/GRCh38/star",
                "cellrangermulti/mkref/GRCh38/star/Genome",
                "cellrangermulti/mkref/GRCh38/star/SA",
                "cellrangermulti/mkref/GRCh38/star/SAindex",
                "cellrangermulti/mkref/GRCh38/star/chrLength.txt",
                "cellrangermulti/mkref/GRCh38/star/chrName.txt",
                "cellrangermulti/mkref/GRCh38/star/chrNameLength.txt",
                "cellrangermulti/mkref/GRCh38/star/chrStart.txt",
                "cellrangermulti/mkref/GRCh38/star/exonGeTrInfo.tab",
                "cellrangermulti/mkref/GRCh38/star/exonInfo.tab",
                "cellrangermulti/mkref/GRCh38/star/geneInfo.tab",
                "cellrangermulti/mkref/GRCh38/star/genomeParameters.txt",
                "cellrangermulti/mkref/GRCh38/star/sjdbInfo.txt",
                "cellrangermulti/mkref/GRCh38/star/sjdbList.fromGTF.out.tab",
                "cellrangermulti/mkref/GRCh38/star/sjdbList.out.tab",
                "cellrangermulti/mkref/GRCh38/star/transcriptInfo.tab",
                "fastqc",
                "fastqc/4PLEX_HUMAN_gex_1_fastqc.html",
                "fastqc/4PLEX_HUMAN_gex_1_fastqc.zip",
                "fastqc/4PLEX_HUMAN_gex_2_fastqc.html",
                "fastqc/4PLEX_HUMAN_gex_2_fastqc.zip",
                "fastqc/4PLEX_HUMAN_gex_3_fastqc.html",
                "fastqc/4PLEX_HUMAN_gex_3_fastqc.zip",
                "fastqc/4PLEX_HUMAN_gex_4_fastqc.html",
                "fastqc/4PLEX_HUMAN_gex_4_fastqc.zip",
                "fastqc/4PLEX_HUMAN_gex_5_fastqc.html",
                "fastqc/4PLEX_HUMAN_gex_5_fastqc.zip",
                "fastqc/4PLEX_HUMAN_gex_6_fastqc.html",
                "fastqc/4PLEX_HUMAN_gex_6_fastqc.zip",
                "fastqc/4PLEX_HUMAN_gex_7_fastqc.html",
                "fastqc/4PLEX_HUMAN_gex_7_fastqc.zip",
                "fastqc/4PLEX_HUMAN_gex_8_fastqc.html",
                "fastqc/4PLEX_HUMAN_gex_8_fastqc.zip",
                "fastqc/PBMC_10K_CMO_cmo_1_fastqc.html",
                "fastqc/PBMC_10K_CMO_cmo_1_fastqc.zip",
                "fastqc/PBMC_10K_CMO_cmo_2_fastqc.html",
                "fastqc/PBMC_10K_CMO_cmo_2_fastqc.zip",
                "fastqc/PBMC_10K_CMO_gex_1_fastqc.html",
                "fastqc/PBMC_10K_CMO_gex_1_fastqc.zip",
                "fastqc/PBMC_10K_CMO_gex_2_fastqc.html",
                "fastqc/PBMC_10K_CMO_gex_2_fastqc.zip",
                "fastqc/PBMC_10K_CMV_ab_1_fastqc.html",
                "fastqc/PBMC_10K_CMV_ab_1_fastqc.zip",
                "fastqc/PBMC_10K_CMV_ab_2_fastqc.html",
                "fastqc/PBMC_10K_CMV_ab_2_fastqc.zip",
                "fastqc/PBMC_10K_CMV_gex_1_fastqc.html",
                "fastqc/PBMC_10K_CMV_gex_1_fastqc.zip",
                "fastqc/PBMC_10K_CMV_gex_2_fastqc.html",
                "fastqc/PBMC_10K_CMV_gex_2_fastqc.zip",
                "fastqc/PBMC_10K_CMV_vdj_1_fastqc.html",
                "fastqc/PBMC_10K_CMV_vdj_1_fastqc.zip",
                "fastqc/PBMC_10K_CMV_vdj_2_fastqc.html",
                "fastqc/PBMC_10K_CMV_vdj_2_fastqc.zip",
                "fastqc/PBMC_10K_ab_1_fastqc.html",
                "fastqc/PBMC_10K_ab_1_fastqc.zip",
                "fastqc/PBMC_10K_ab_2_fastqc.html",
                "fastqc/PBMC_10K_ab_2_fastqc.zip",
                "fastqc/PBMC_10K_gex_1_fastqc.html",
                "fastqc/PBMC_10K_gex_1_fastqc.zip",
                "fastqc/PBMC_10K_gex_2_fastqc.html",
                "fastqc/PBMC_10K_gex_2_fastqc.zip",
                "fastqc/PBMC_10K_vdj_1_fastqc.html",
                "fastqc/PBMC_10K_vdj_1_fastqc.zip",
                "fastqc/PBMC_10K_vdj_2_fastqc.html",
                "fastqc/PBMC_10K_vdj_2_fastqc.zip",
                "pipeline_info",
                "pipeline_info/nf_core_scrnaseq_software_mqc_versions.yml"
            ],
            [
                "Homo_sapiens.GRCh38.dna.chromosome.14_genes.filtered.gtf:md5,87b9377fff9826aad61aa1d4d401a243",
                "genome.fa:md5,126ffef1c0d9908c56653891f36d6b98",
                "genome.fa.fai:md5,4afaf04cf39d628eafc57f5c32f405aa",
                "genes.gtf.gz:md5,87b9377fff9826aad61aa1d4d401a243",
                "Genome:md5,7da8bda040906032d0bbe76e8e1eb42a",
                "SA:md5,8356fa2a6abe80403cd8e3259b533179",
                "SAindex:md5,255ed44bc001aa5caa6968de38e19c47",
                "chrLength.txt:md5,543af32d7b13bcbfd63db37a0cb54735",
                "chrName.txt:md5,367764329430db34be92fd14a7a770ee",
                "chrNameLength.txt:md5,c4ba8e277c38dfe8be2adcbef3c5e3a0",
                "chrStart.txt:md5,7e02caa09c4f911064d01a2d3832cd55",
                "exonGeTrInfo.tab:md5,1ac281315ef4bf86a18029f50200cebe",
                "exonInfo.tab:md5,f18c669aeacc636190904bbe0d7a238e",
                "geneInfo.tab:md5,aeb07f904bd0d1a369d271ef6f114fe3",
                "sjdbInfo.txt:md5,1ff0da2bf68d091ca513bf3ba0c8e111",
                "sjdbList.fromGTF.out.tab:md5,16d65216a16fff0a30379081fc911384",
                "sjdbList.out.tab:md5,b7c373deb14cc1ba56ab2a4c087fb57b",
                "transcriptInfo.tab:md5,61f41431475c24dded351a535f8f53d2"
            ]
        ],
        "timestamp": "2026-03-13T12:11:35.295288313",
        "meta": {
            "nf-test": "0.9.4",
            "nextflow": "25.04.6"
        }
    },
    "test-dataset_cellrangermulti_aligner_rat": {
        "content": [
            34,
            {
                "CELLRANGER_MKGTF": {
                    "cellranger": "10.0.0"
                },
                "CELLRANGER_MKREF": {
                    "cellranger": "10.0.0"
                },
                "CELLRANGER_MULTI": {
                    "cellranger": "cellranger 10.0.0 "
                },
                "FASTQC": {
                    "fastqc": "0.12.1"
                },
                "GUNZIP_FASTA": {
                    "gunzip": 1.1
                },
                "GUNZIP_GTF": {
                    "gunzip": 1.1
                },
                "MTX_TO_H5AD": {
                    "anndata": "0.10.8",
                    "pandas": "2.2.2",
                    "python": "3.12.5",
                    "scanpy": "1.10.2"
                }
            },
            [
                "cellranger_aggr_input",
                "cellranger_aggr_input/aggr_cellrangermulti.csv",
                "cellrangermulti",
                "cellrangermulti/count",
                "cellrangermulti/count/10k_Wistar_Rat",
                "cellrangermulti/count/10k_Wistar_Rat/outs",
                "cellrangermulti/count/10k_Wistar_Rat/outs/config.csv",
                "cellrangermulti/count/10k_Wistar_Rat/outs/filtered_feature_bc_matrix",
                "cellrangermulti/count/10k_Wistar_Rat/outs/filtered_feature_bc_matrix.h5",
                "cellrangermulti/count/10k_Wistar_Rat/outs/filtered_feature_bc_matrix/barcodes.tsv.gz",
                "cellrangermulti/count/10k_Wistar_Rat/outs/filtered_feature_bc_matrix/features.tsv.gz",
                "cellrangermulti/count/10k_Wistar_Rat/outs/filtered_feature_bc_matrix/matrix.mtx.gz",
                "cellrangermulti/count/10k_Wistar_Rat/outs/multiplexing_analysis",
                "cellrangermulti/count/10k_Wistar_Rat/outs/multiplexing_analysis/cells_per_tag.json",
                "cellrangermulti/count/10k_Wistar_Rat/outs/per_sample_outs",
                "cellrangermulti/count/10k_Wistar_Rat/outs/per_sample_outs/2500_Wistar_Rat_PBMCs_gem-x_OB1",
                "cellrangermulti/count/10k_Wistar_Rat/outs/per_sample_outs/2500_Wistar_Rat_PBMCs_gem-x_OB1/analysis",
                "cellrangermulti/count/10k_Wistar_Rat/outs/per_sample_outs/2500_Wistar_Rat_PBMCs_gem-x_OB1/analysis/clustering",
                "cellrangermulti/count/10k_Wistar_Rat/outs/per_sample_outs/2500_Wistar_Rat_PBMCs_gem-x_OB1/analysis/clustering/gene_expression_graphclust",
                "cellrangermulti/count/10k_Wistar_Rat/outs/per_sample_outs/2500_Wistar_Rat_PBMCs_gem-x_OB1/analysis/clustering/gene_expression_graphclust/clusters.csv",
                "cellrangermulti/count/10k_Wistar_Rat/outs/per_sample_outs/2500_Wistar_Rat_PBMCs_gem-x_OB1/analysis/clustering/gene_expression_kmeans_10_clusters",
                "cellrangermulti/count/10k_Wistar_Rat/outs/per_sample_outs/2500_Wistar_Rat_PBMCs_gem-x_OB1/analysis/clustering/gene_expression_kmeans_10_clusters/clusters.csv",
                "cellrangermulti/count/10k_Wistar_Rat/outs/per_sample_outs/2500_Wistar_Rat_PBMCs_gem-x_OB1/analysis/clustering/gene_expression_kmeans_2_clusters",
                "cellrangermulti/count/10k_Wistar_Rat/outs/per_sample_outs/2500_Wistar_Rat_PBMCs_gem-x_OB1/analysis/clustering/gene_expression_kmeans_2_clusters/clusters.csv",
                "cellrangermulti/count/10k_Wistar_Rat/outs/per_sample_outs/2500_Wistar_Rat_PBMCs_gem-x_OB1/analysis/clustering/gene_expression_kmeans_3_clusters",
                "cellrangermulti/count/10k_Wistar_Rat/outs/per_sample_outs/2500_Wistar_Rat_PBMCs_gem-x_OB1/analysis/clustering/gene_expression_kmeans_3_clusters/clusters.csv",
                "cellrangermulti/count/10k_Wistar_Rat/outs/per_sample_outs/2500_Wistar_Rat_PBMCs_gem-x_OB1/analysis/clustering/gene_expression_kmeans_4_clusters",
                "cellrangermulti/count/10k_Wistar_Rat/outs/per_sample_outs/2500_Wistar_Rat_PBMCs_gem-x_OB1/analysis/clustering/gene_expression_kmeans_4_clusters/clusters.csv",
                "cellrangermulti/count/10k_Wistar_Rat/outs/per_sample_outs/2500_Wistar_Rat_PBMCs_gem-x_OB1/analysis/clustering/gene_expression_kmeans_5_clusters",
                "cellrangermulti/count/10k_Wistar_Rat/outs/per_sample_outs/2500_Wistar_Rat_PBMCs_gem-x_OB1/analysis/clustering/gene_expression_kmeans_5_clusters/clusters.csv",
                "cellrangermulti/count/10k_Wistar_Rat/outs/per_sample_outs/2500_Wistar_Rat_PBMCs_gem-x_OB1/analysis/clustering/gene_expression_kmeans_6_clusters",
                "cellrangermulti/count/10k_Wistar_Rat/outs/per_sample_outs/2500_Wistar_Rat_PBMCs_gem-x_OB1/analysis/clustering/gene_expression_kmeans_6_clusters/clusters.csv",
                "cellrangermulti/count/10k_Wistar_Rat/outs/per_sample_outs/2500_Wistar_Rat_PBMCs_gem-x_OB1/analysis/clustering/gene_expression_kmeans_7_clusters",
                "cellrangermulti/count/10k_Wistar_Rat/outs/per_sample_outs/2500_Wistar_Rat_PBMCs_gem-x_OB1/analysis/clustering/gene_expression_kmeans_7_clusters/clusters.csv",
                "cellrangermulti/count/10k_Wistar_Rat/outs/per_sample_outs/2500_Wistar_Rat_PBMCs_gem-x_OB1/analysis/clustering/gene_expression_kmeans_8_clusters",
                "cellrangermulti/count/10k_Wistar_Rat/outs/per_sample_outs/2500_Wistar_Rat_PBMCs_gem-x_OB1/analysis/clustering/gene_expression_kmeans_8_clusters/clusters.csv",
                "cellrangermulti/count/10k_Wistar_Rat/outs/per_sample_outs/2500_Wistar_Rat_PBMCs_gem-x_OB1/analysis/clustering/gene_expression_kmeans_9_clusters",
                "cellrangermulti/count/10k_Wistar_Rat/outs/per_sample_outs/2500_Wistar_Rat_PBMCs_gem-x_OB1/analysis/clustering/gene_expression_kmeans_9_clusters/clusters.csv",
                "cellrangermulti/count/10k_Wistar_Rat/outs/per_sample_outs/2500_Wistar_Rat_PBMCs_gem-x_OB1/analysis/diffexp",
                "cellrangermulti/count/10k_Wistar_Rat/outs/per_sample_outs/2500_Wistar_Rat_PBMCs_gem-x_OB1/analysis/diffexp/gene_expression_graphclust",
                "cellrangermulti/count/10k_Wistar_Rat/outs/per_sample_outs/2500_Wistar_Rat_PBMCs_gem-x_OB1/analysis/diffexp/gene_expression_graphclust/differential_expression.csv",
                "cellrangermulti/count/10k_Wistar_Rat/outs/per_sample_outs/2500_Wistar_Rat_PBMCs_gem-x_OB1/analysis/diffexp/gene_expression_kmeans_10_clusters",
                "cellrangermulti/count/10k_Wistar_Rat/outs/per_sample_outs/2500_Wistar_Rat_PBMCs_gem-x_OB1/analysis/diffexp/gene_expression_kmeans_10_clusters/differential_expression.csv",
                "cellrangermulti/count/10k_Wistar_Rat/outs/per_sample_outs/2500_Wistar_Rat_PBMCs_gem-x_OB1/analysis/diffexp/gene_expression_kmeans_2_clusters",
                "cellrangermulti/count/10k_Wistar_Rat/outs/per_sample_outs/2500_Wistar_Rat_PBMCs_gem-x_OB1/analysis/diffexp/gene_expression_kmeans_2_clusters/differential_expression.csv",
                "cellrangermulti/count/10k_Wistar_Rat/outs/per_sample_outs/2500_Wistar_Rat_PBMCs_gem-x_OB1/analysis/diffexp/gene_expression_kmeans_3_clusters",
                "cellrangermulti/count/10k_Wistar_Rat/outs/per_sample_outs/2500_Wistar_Rat_PBMCs_gem-x_OB1/analysis/diffexp/gene_expression_kmeans_3_clusters/differential_expression.csv",
                "cellrangermulti/count/10k_Wistar_Rat/outs/per_sample_outs/2500_Wistar_Rat_PBMCs_gem-x_OB1/analysis/diffexp/gene_expression_kmeans_4_clusters",
                "cellrangermulti/count/10k_Wistar_Rat/outs/per_sample_outs/2500_Wistar_Rat_PBMCs_gem-x_OB1/analysis/diffexp/gene_expression_kmeans_4_clusters/differential_expression.csv",
                "cellrangermulti/count/10k_Wistar_Rat/outs/per_sample_outs/2500_Wistar_Rat_PBMCs_gem-x_OB1/analysis/diffexp/gene_expression_kmeans_5_clusters",
                "cellrangermulti/count/10k_Wistar_Rat/outs/per_sample_outs/2500_Wistar_Rat_PBMCs_gem-x_OB1/analysis/diffexp/gene_expression_kmeans_5_clusters/differential_expression.csv",
                "cellrangermulti/count/10k_Wistar_Rat/outs/per_sample_outs/2500_Wistar_Rat_PBMCs_gem-x_OB1/analysis/diffexp/gene_expression_kmeans_6_clusters",
                "cellrangermulti/count/10k_Wistar_Rat/outs/per_sample_outs/2500_Wistar_Rat_PBMCs_gem-x_OB1/analysis/diffexp/gene_expression_kmeans_6_clusters/differential_expression.csv",
                "cellrangermulti/count/10k_Wistar_Rat/outs/per_sample_outs/2500_Wistar_Rat_PBMCs_gem-x_OB1/analysis/diffexp/gene_expression_kmeans_7_clusters",
                "cellrangermulti/count/10k_Wistar_Rat/outs/per_sample_outs/2500_Wistar_Rat_PBMCs_gem-x_OB1/analysis/diffexp/gene_expression_kmeans_7_clusters/differential_expression.csv",
                "cellrangermulti/count/10k_Wistar_Rat/outs/per_sample_outs/2500_Wistar_Rat_PBMCs_gem-x_OB1/analysis/diffexp/gene_expression_kmeans_8_clusters",
                "cellrangermulti/count/10k_Wistar_Rat/outs/per_sample_outs/2500_Wistar_Rat_PBMCs_gem-x_OB1/analysis/diffexp/gene_expression_kmeans_8_clusters/differential_expression.csv",
                "cellrangermulti/count/10k_Wistar_Rat/outs/per_sample_outs/2500_Wistar_Rat_PBMCs_gem-x_OB1/analysis/diffexp/gene_expression_kmeans_9_clusters",
                "cellrangermulti/count/10k_Wistar_Rat/outs/per_sample_outs/2500_Wistar_Rat_PBMCs_gem-x_OB1/analysis/diffexp/gene_expression_kmeans_9_clusters/differential_expression.csv",
                "cellrangermulti/count/10k_Wistar_Rat/outs/per_sample_outs/2500_Wistar_Rat_PBMCs_gem-x_OB1/analysis/pca",
                "cellrangermulti/count/10k_Wistar_Rat/outs/per_sample_outs/2500_Wistar_Rat_PBMCs_gem-x_OB1/analysis/pca/gene_expression_10_components",
                "cellrangermulti/count/10k_Wistar_Rat/outs/per_sample_outs/2500_Wistar_Rat_PBMCs_gem-x_OB1/analysis/pca/gene_expression_10_components/components.csv",
                "cellrangermulti/count/10k_Wistar_Rat/outs/per_sample_outs/2500_Wistar_Rat_PBMCs_gem-x_OB1/analysis/pca/gene_expression_10_components/dispersion.csv",
                "cellrangermulti/count/10k_Wistar_Rat/outs/per_sample_outs/2500_Wistar_Rat_PBMCs_gem-x_OB1/analysis/pca/gene_expression_10_components/features_selected.csv",
                "cellrangermulti/count/10k_Wistar_Rat/outs/per_sample_outs/2500_Wistar_Rat_PBMCs_gem-x_OB1/analysis/pca/gene_expression_10_components/projection.csv",
                "cellrangermulti/count/10k_Wistar_Rat/outs/per_sample_outs/2500_Wistar_Rat_PBMCs_gem-x_OB1/analysis/pca/gene_expression_10_components/variance.csv",
                "cellrangermulti/count/10k_Wistar_Rat/outs/per_sample_outs/2500_Wistar_Rat_PBMCs_gem-x_OB1/analysis/tsne",
                "cellrangermulti/count/10k_Wistar_Rat/outs/per_sample_outs/2500_Wistar_Rat_PBMCs_gem-x_OB1/analysis/tsne/gene_expression_2_components",
                "cellrangermulti/count/10k_Wistar_Rat/outs/per_sample_outs/2500_Wistar_Rat_PBMCs_gem-x_OB1/analysis/tsne/gene_expression_2_components/projection.csv",
                "cellrangermulti/count/10k_Wistar_Rat/outs/per_sample_outs/2500_Wistar_Rat_PBMCs_gem-x_OB1/analysis/umap",
                "cellrangermulti/count/10k_Wistar_Rat/outs/per_sample_outs/2500_Wistar_Rat_PBMCs_gem-x_OB1/analysis/umap/gene_expression_2_components",
                "cellrangermulti/count/10k_Wistar_Rat/outs/per_sample_outs/2500_Wistar_Rat_PBMCs_gem-x_OB1/analysis/umap/gene_expression_2_components/projection.csv",
                "cellrangermulti/count/10k_Wistar_Rat/outs/per_sample_outs/2500_Wistar_Rat_PBMCs_gem-x_OB1/metrics_summary.csv",
                "cellrangermulti/count/10k_Wistar_Rat/outs/per_sample_outs/2500_Wistar_Rat_PBMCs_gem-x_OB1/sample_alignments.bam",
                "cellrangermulti/count/10k_Wistar_Rat/outs/per_sample_outs/2500_Wistar_Rat_PBMCs_gem-x_OB1/sample_alignments.bam.bai",
                "cellrangermulti/count/10k_Wistar_Rat/outs/per_sample_outs/2500_Wistar_Rat_PBMCs_gem-x_OB1/sample_cloupe.cloupe",
                "cellrangermulti/count/10k_Wistar_Rat/outs/per_sample_outs/2500_Wistar_Rat_PBMCs_gem-x_OB1/sample_filtered_barcodes.csv",
                "cellrangermulti/count/10k_Wistar_Rat/outs/per_sample_outs/2500_Wistar_Rat_PBMCs_gem-x_OB1/sample_filtered_feature_bc_matrix",
                "cellrangermulti/count/10k_Wistar_Rat/outs/per_sample_outs/2500_Wistar_Rat_PBMCs_gem-x_OB1/sample_filtered_feature_bc_matrix.h5",
                "cellrangermulti/count/10k_Wistar_Rat/outs/per_sample_outs/2500_Wistar_Rat_PBMCs_gem-x_OB1/sample_filtered_feature_bc_matrix/barcodes.tsv.gz",
                "cellrangermulti/count/10k_Wistar_Rat/outs/per_sample_outs/2500_Wistar_Rat_PBMCs_gem-x_OB1/sample_filtered_feature_bc_matrix/features.tsv.gz",
                "cellrangermulti/count/10k_Wistar_Rat/outs/per_sample_outs/2500_Wistar_Rat_PBMCs_gem-x_OB1/sample_filtered_feature_bc_matrix/matrix.mtx.gz",
                "cellrangermulti/count/10k_Wistar_Rat/outs/per_sample_outs/2500_Wistar_Rat_PBMCs_gem-x_OB1/sample_molecule_info.h5",
                "cellrangermulti/count/10k_Wistar_Rat/outs/per_sample_outs/2500_Wistar_Rat_PBMCs_gem-x_OB1/sample_raw_feature_bc_matrix",
                "cellrangermulti/count/10k_Wistar_Rat/outs/per_sample_outs/2500_Wistar_Rat_PBMCs_gem-x_OB1/sample_raw_feature_bc_matrix.h5",
                "cellrangermulti/count/10k_Wistar_Rat/outs/per_sample_outs/2500_Wistar_Rat_PBMCs_gem-x_OB1/sample_raw_feature_bc_matrix/barcodes.tsv.gz",
                "cellrangermulti/count/10k_Wistar_Rat/outs/per_sample_outs/2500_Wistar_Rat_PBMCs_gem-x_OB1/sample_raw_feature_bc_matrix/features.tsv.gz",
                "cellrangermulti/count/10k_Wistar_Rat/outs/per_sample_outs/2500_Wistar_Rat_PBMCs_gem-x_OB1/sample_raw_feature_bc_matrix/matrix.mtx.gz",
                "cellrangermulti/count/10k_Wistar_Rat/outs/per_sample_outs/2500_Wistar_Rat_PBMCs_gem-x_OB1/web_summary.html",
                "cellrangermulti/count/10k_Wistar_Rat/outs/per_sample_outs/2500_Wistar_Rat_PBMCs_gem-x_OB2",
                "cellrangermulti/count/10k_Wistar_Rat/outs/per_sample_outs/2500_Wistar_Rat_PBMCs_gem-x_OB2/analysis",
                "cellrangermulti/count/10k_Wistar_Rat/outs/per_sample_outs/2500_Wistar_Rat_PBMCs_gem-x_OB2/analysis/clustering",
                "cellrangermulti/count/10k_Wistar_Rat/outs/per_sample_outs/2500_Wistar_Rat_PBMCs_gem-x_OB2/analysis/clustering/gene_expression_graphclust",
                "cellrangermulti/count/10k_Wistar_Rat/outs/per_sample_outs/2500_Wistar_Rat_PBMCs_gem-x_OB2/analysis/clustering/gene_expression_graphclust/clusters.csv",
                "cellrangermulti/count/10k_Wistar_Rat/outs/per_sample_outs/2500_Wistar_Rat_PBMCs_gem-x_OB2/analysis/clustering/gene_expression_kmeans_10_clusters",
                "cellrangermulti/count/10k_Wistar_Rat/outs/per_sample_outs/2500_Wistar_Rat_PBMCs_gem-x_OB2/analysis/clustering/gene_expression_kmeans_10_clusters/clusters.csv",
                "cellrangermulti/count/10k_Wistar_Rat/outs/per_sample_outs/2500_Wistar_Rat_PBMCs_gem-x_OB2/analysis/clustering/gene_expression_kmeans_2_clusters",
                "cellrangermulti/count/10k_Wistar_Rat/outs/per_sample_outs/2500_Wistar_Rat_PBMCs_gem-x_OB2/analysis/clustering/gene_expression_kmeans_2_clusters/clusters.csv",
                "cellrangermulti/count/10k_Wistar_Rat/outs/per_sample_outs/2500_Wistar_Rat_PBMCs_gem-x_OB2/analysis/clustering/gene_expression_kmeans_3_clusters",
                "cellrangermulti/count/10k_Wistar_Rat/outs/per_sample_outs/2500_Wistar_Rat_PBMCs_gem-x_OB2/analysis/clustering/gene_expression_kmeans_3_clusters/clusters.csv",
                "cellrangermulti/count/10k_Wistar_Rat/outs/per_sample_outs/2500_Wistar_Rat_PBMCs_gem-x_OB2/analysis/clustering/gene_expression_kmeans_4_clusters",
                "cellrangermulti/count/10k_Wistar_Rat/outs/per_sample_outs/2500_Wistar_Rat_PBMCs_gem-x_OB2/analysis/clustering/gene_expression_kmeans_4_clusters/clusters.csv",
                "cellrangermulti/count/10k_Wistar_Rat/outs/per_sample_outs/2500_Wistar_Rat_PBMCs_gem-x_OB2/analysis/clustering/gene_expression_kmeans_5_clusters",
                "cellrangermulti/count/10k_Wistar_Rat/outs/per_sample_outs/2500_Wistar_Rat_PBMCs_gem-x_OB2/analysis/clustering/gene_expression_kmeans_5_clusters/clusters.csv",
                "cellrangermulti/count/10k_Wistar_Rat/outs/per_sample_outs/2500_Wistar_Rat_PBMCs_gem-x_OB2/analysis/clustering/gene_expression_kmeans_6_clusters",
                "cellrangermulti/count/10k_Wistar_Rat/outs/per_sample_outs/2500_Wistar_Rat_PBMCs_gem-x_OB2/analysis/clustering/gene_expression_kmeans_6_clusters/clusters.csv",
                "cellrangermulti/count/10k_Wistar_Rat/outs/per_sample_outs/2500_Wistar_Rat_PBMCs_gem-x_OB2/analysis/clustering/gene_expression_kmeans_7_clusters",
                "cellrangermulti/count/10k_Wistar_Rat/outs/per_sample_outs/2500_Wistar_Rat_PBMCs_gem-x_OB2/analysis/clustering/gene_expression_kmeans_7_clusters/clusters.csv",
                "cellrangermulti/count/10k_Wistar_Rat/outs/per_sample_outs/2500_Wistar_Rat_PBMCs_gem-x_OB2/analysis/clustering/gene_expression_kmeans_8_clusters",
                "cellrangermulti/count/10k_Wistar_Rat/outs/per_sample_outs/2500_Wistar_Rat_PBMCs_gem-x_OB2/analysis/clustering/gene_expression_kmeans_8_clusters/clusters.csv",
                "cellrangermulti/count/10k_Wistar_Rat/outs/per_sample_outs/2500_Wistar_Rat_PBMCs_gem-x_OB2/analysis/clustering/gene_expression_kmeans_9_clusters",
                "cellrangermulti/count/10k_Wistar_Rat/outs/per_sample_outs/2500_Wistar_Rat_PBMCs_gem-x_OB2/analysis/clustering/gene_expression_kmeans_9_clusters/clusters.csv",
                "cellrangermulti/count/10k_Wistar_Rat/outs/per_sample_outs/2500_Wistar_Rat_PBMCs_gem-x_OB2/analysis/diffexp",
                "cellrangermulti/count/10k_Wistar_Rat/outs/per_sample_outs/2500_Wistar_Rat_PBMCs_gem-x_OB2/analysis/diffexp/gene_expression_graphclust",
                "cellrangermulti/count/10k_Wistar_Rat/outs/per_sample_outs/2500_Wistar_Rat_PBMCs_gem-x_OB2/analysis/diffexp/gene_expression_graphclust/differential_expression.csv",
                "cellrangermulti/count/10k_Wistar_Rat/outs/per_sample_outs/2500_Wistar_Rat_PBMCs_gem-x_OB2/analysis/diffexp/gene_expression_kmeans_10_clusters",
                "cellrangermulti/count/10k_Wistar_Rat/outs/per_sample_outs/2500_Wistar_Rat_PBMCs_gem-x_OB2/analysis/diffexp/gene_expression_kmeans_10_clusters/differential_expression.csv",
                "cellrangermulti/count/10k_Wistar_Rat/outs/per_sample_outs/2500_Wistar_Rat_PBMCs_gem-x_OB2/analysis/diffexp/gene_expression_kmeans_2_clusters",
                "cellrangermulti/count/10k_Wistar_Rat/outs/per_sample_outs/2500_Wistar_Rat_PBMCs_gem-x_OB2/analysis/diffexp/gene_expression_kmeans_2_clusters/differential_expression.csv",
                "cellrangermulti/count/10k_Wistar_Rat/outs/per_sample_outs/2500_Wistar_Rat_PBMCs_gem-x_OB2/analysis/diffexp/gene_expression_kmeans_3_clusters",
                "cellrangermulti/count/10k_Wistar_Rat/outs/per_sample_outs/2500_Wistar_Rat_PBMCs_gem-x_OB2/analysis/diffexp/gene_expression_kmeans_3_clusters/differential_expression.csv",
                "cellrangermulti/count/10k_Wistar_Rat/outs/per_sample_outs/2500_Wistar_Rat_PBMCs_gem-x_OB2/analysis/diffexp/gene_expression_kmeans_4_clusters",
                "cellrangermulti/count/10k_Wistar_Rat/outs/per_sample_outs/2500_Wistar_Rat_PBMCs_gem-x_OB2/analysis/diffexp/gene_expression_kmeans_4_clusters/differential_expression.csv",
                "cellrangermulti/count/10k_Wistar_Rat/outs/per_sample_outs/2500_Wistar_Rat_PBMCs_gem-x_OB2/analysis/diffexp/gene_expression_kmeans_5_clusters",
                "cellrangermulti/count/10k_Wistar_Rat/outs/per_sample_outs/2500_Wistar_Rat_PBMCs_gem-x_OB2/analysis/diffexp/gene_expression_kmeans_5_clusters/differential_expression.csv",
                "cellrangermulti/count/10k_Wistar_Rat/outs/per_sample_outs/2500_Wistar_Rat_PBMCs_gem-x_OB2/analysis/diffexp/gene_expression_kmeans_6_clusters",
                "cellrangermulti/count/10k_Wistar_Rat/outs/per_sample_outs/2500_Wistar_Rat_PBMCs_gem-x_OB2/analysis/diffexp/gene_expression_kmeans_6_clusters/differential_expression.csv",
                "cellrangermulti/count/10k_Wistar_Rat/outs/per_sample_outs/2500_Wistar_Rat_PBMCs_gem-x_OB2/analysis/diffexp/gene_expression_kmeans_7_clusters",
                "cellrangermulti/count/10k_Wistar_Rat/outs/per_sample_outs/2500_Wistar_Rat_PBMCs_gem-x_OB2/analysis/diffexp/gene_expression_kmeans_7_clusters/differential_expression.csv",
                "cellrangermulti/count/10k_Wistar_Rat/outs/per_sample_outs/2500_Wistar_Rat_PBMCs_gem-x_OB2/analysis/diffexp/gene_expression_kmeans_8_clusters",
                "cellrangermulti/count/10k_Wistar_Rat/outs/per_sample_outs/2500_Wistar_Rat_PBMCs_gem-x_OB2/analysis/diffexp/gene_expression_kmeans_8_clusters/differential_expression.csv",
                "cellrangermulti/count/10k_Wistar_Rat/outs/per_sample_outs/2500_Wistar_Rat_PBMCs_gem-x_OB2/analysis/diffexp/gene_expression_kmeans_9_clusters",
                "cellrangermulti/count/10k_Wistar_Rat/outs/per_sample_outs/2500_Wistar_Rat_PBMCs_gem-x_OB2/analysis/diffexp/gene_expression_kmeans_9_clusters/differential_expression.csv",
                "cellrangermulti/count/10k_Wistar_Rat/outs/per_sample_outs/2500_Wistar_Rat_PBMCs_gem-x_OB2/analysis/pca",
                "cellrangermulti/count/10k_Wistar_Rat/outs/per_sample_outs/2500_Wistar_Rat_PBMCs_gem-x_OB2/analysis/pca/gene_expression_10_components",
                "cellrangermulti/count/10k_Wistar_Rat/outs/per_sample_outs/2500_Wistar_Rat_PBMCs_gem-x_OB2/analysis/pca/gene_expression_10_components/components.csv",
                "cellrangermulti/count/10k_Wistar_Rat/outs/per_sample_outs/2500_Wistar_Rat_PBMCs_gem-x_OB2/analysis/pca/gene_expression_10_components/dispersion.csv",
                "cellrangermulti/count/10k_Wistar_Rat/outs/per_sample_outs/2500_Wistar_Rat_PBMCs_gem-x_OB2/analysis/pca/gene_expression_10_components/features_selected.csv",
                "cellrangermulti/count/10k_Wistar_Rat/outs/per_sample_outs/2500_Wistar_Rat_PBMCs_gem-x_OB2/analysis/pca/gene_expression_10_components/projection.csv",
                "cellrangermulti/count/10k_Wistar_Rat/outs/per_sample_outs/2500_Wistar_Rat_PBMCs_gem-x_OB2/analysis/pca/gene_expression_10_components/variance.csv",
                "cellrangermulti/count/10k_Wistar_Rat/outs/per_sample_outs/2500_Wistar_Rat_PBMCs_gem-x_OB2/analysis/tsne",
                "cellrangermulti/count/10k_Wistar_Rat/outs/per_sample_outs/2500_Wistar_Rat_PBMCs_gem-x_OB2/analysis/tsne/gene_expression_2_components",
                "cellrangermulti/count/10k_Wistar_Rat/outs/per_sample_outs/2500_Wistar_Rat_PBMCs_gem-x_OB2/analysis/tsne/gene_expression_2_components/projection.csv",
                "cellrangermulti/count/10k_Wistar_Rat/outs/per_sample_outs/2500_Wistar_Rat_PBMCs_gem-x_OB2/analysis/umap",
                "cellrangermulti/count/10k_Wistar_Rat/outs/per_sample_outs/2500_Wistar_Rat_PBMCs_gem-x_OB2/analysis/umap/gene_expression_2_components",
                "cellrangermulti/count/10k_Wistar_Rat/outs/per_sample_outs/2500_Wistar_Rat_PBMCs_gem-x_OB2/analysis/umap/gene_expression_2_components/projection.csv",
                "cellrangermulti/count/10k_Wistar_Rat/outs/per_sample_outs/2500_Wistar_Rat_PBMCs_gem-x_OB2/metrics_summary.csv",
                "cellrangermulti/count/10k_Wistar_Rat/outs/per_sample_outs/2500_Wistar_Rat_PBMCs_gem-x_OB2/sample_alignments.bam",
                "cellrangermulti/count/10k_Wistar_Rat/outs/per_sample_outs/2500_Wistar_Rat_PBMCs_gem-x_OB2/sample_alignments.bam.bai",
                "cellrangermulti/count/10k_Wistar_Rat/outs/per_sample_outs/2500_Wistar_Rat_PBMCs_gem-x_OB2/sample_cloupe.cloupe",
                "cellrangermulti/count/10k_Wistar_Rat/outs/per_sample_outs/2500_Wistar_Rat_PBMCs_gem-x_OB2/sample_filtered_barcodes.csv",
                "cellrangermulti/count/10k_Wistar_Rat/outs/per_sample_outs/2500_Wistar_Rat_PBMCs_gem-x_OB2/sample_filtered_feature_bc_matrix",
                "cellrangermulti/count/10k_Wistar_Rat/outs/per_sample_outs/2500_Wistar_Rat_PBMCs_gem-x_OB2/sample_filtered_feature_bc_matrix.h5",
                "cellrangermulti/count/10k_Wistar_Rat/outs/per_sample_outs/2500_Wistar_Rat_PBMCs_gem-x_OB2/sample_filtered_feature_bc_matrix/barcodes.tsv.gz",
                "cellrangermulti/count/10k_Wistar_Rat/outs/per_sample_outs/2500_Wistar_Rat_PBMCs_gem-x_OB2/sample_filtered_feature_bc_matrix/features.tsv.gz",
                "cellrangermulti/count/10k_Wistar_Rat/outs/per_sample_outs/2500_Wistar_Rat_PBMCs_gem-x_OB2/sample_filtered_feature_bc_matrix/matrix.mtx.gz",
                "cellrangermulti/count/10k_Wistar_Rat/outs/per_sample_outs/2500_Wistar_Rat_PBMCs_gem-x_OB2/sample_molecule_info.h5",
                "cellrangermulti/count/10k_Wistar_Rat/outs/per_sample_outs/2500_Wistar_Rat_PBMCs_gem-x_OB2/sample_raw_feature_bc_matrix",
                "cellrangermulti/count/10k_Wistar_Rat/outs/per_sample_outs/2500_Wistar_Rat_PBMCs_gem-x_OB2/sample_raw_feature_bc_matrix.h5",
                "cellrangermulti/count/10k_Wistar_Rat/outs/per_sample_outs/2500_Wistar_Rat_PBMCs_gem-x_OB2/sample_raw_feature_bc_matrix/barcodes.tsv.gz",
                "cellrangermulti/count/10k_Wistar_Rat/outs/per_sample_outs/2500_Wistar_Rat_PBMCs_gem-x_OB2/sample_raw_feature_bc_matrix/features.tsv.gz",
                "cellrangermulti/count/10k_Wistar_Rat/outs/per_sample_outs/2500_Wistar_Rat_PBMCs_gem-x_OB2/sample_raw_feature_bc_matrix/matrix.mtx.gz",
                "cellrangermulti/count/10k_Wistar_Rat/outs/per_sample_outs/2500_Wistar_Rat_PBMCs_gem-x_OB2/web_summary.html",
                "cellrangermulti/count/10k_Wistar_Rat/outs/per_sample_outs/2500_Wistar_Rat_PBMCs_gem-x_OB3",
                "cellrangermulti/count/10k_Wistar_Rat/outs/per_sample_outs/2500_Wistar_Rat_PBMCs_gem-x_OB3/analysis",
                "cellrangermulti/count/10k_Wistar_Rat/outs/per_sample_outs/2500_Wistar_Rat_PBMCs_gem-x_OB3/analysis/clustering",
                "cellrangermulti/count/10k_Wistar_Rat/outs/per_sample_outs/2500_Wistar_Rat_PBMCs_gem-x_OB3/analysis/clustering/gene_expression_graphclust",
                "cellrangermulti/count/10k_Wistar_Rat/outs/per_sample_outs/2500_Wistar_Rat_PBMCs_gem-x_OB3/analysis/clustering/gene_expression_graphclust/clusters.csv",
                "cellrangermulti/count/10k_Wistar_Rat/outs/per_sample_outs/2500_Wistar_Rat_PBMCs_gem-x_OB3/analysis/clustering/gene_expression_kmeans_10_clusters",
                "cellrangermulti/count/10k_Wistar_Rat/outs/per_sample_outs/2500_Wistar_Rat_PBMCs_gem-x_OB3/analysis/clustering/gene_expression_kmeans_10_clusters/clusters.csv",
                "cellrangermulti/count/10k_Wistar_Rat/outs/per_sample_outs/2500_Wistar_Rat_PBMCs_gem-x_OB3/analysis/clustering/gene_expression_kmeans_2_clusters",
                "cellrangermulti/count/10k_Wistar_Rat/outs/per_sample_outs/2500_Wistar_Rat_PBMCs_gem-x_OB3/analysis/clustering/gene_expression_kmeans_2_clusters/clusters.csv",
                "cellrangermulti/count/10k_Wistar_Rat/outs/per_sample_outs/2500_Wistar_Rat_PBMCs_gem-x_OB3/analysis/clustering/gene_expression_kmeans_3_clusters",
                "cellrangermulti/count/10k_Wistar_Rat/outs/per_sample_outs/2500_Wistar_Rat_PBMCs_gem-x_OB3/analysis/clustering/gene_expression_kmeans_3_clusters/clusters.csv",
                "cellrangermulti/count/10k_Wistar_Rat/outs/per_sample_outs/2500_Wistar_Rat_PBMCs_gem-x_OB3/analysis/clustering/gene_expression_kmeans_4_clusters",
                "cellrangermulti/count/10k_Wistar_Rat/outs/per_sample_outs/2500_Wistar_Rat_PBMCs_gem-x_OB3/analysis/clustering/gene_expression_kmeans_4_clusters/clusters.csv",
                "cellrangermulti/count/10k_Wistar_Rat/outs/per_sample_outs/2500_Wistar_Rat_PBMCs_gem-x_OB3/analysis/clustering/gene_expression_kmeans_5_clusters",
                "cellrangermulti/count/10k_Wistar_Rat/outs/per_sample_outs/2500_Wistar_Rat_PBMCs_gem-x_OB3/analysis/clustering/gene_expression_kmeans_5_clusters/clusters.csv",
                "cellrangermulti/count/10k_Wistar_Rat/outs/per_sample_outs/2500_Wistar_Rat_PBMCs_gem-x_OB3/analysis/clustering/gene_expression_kmeans_6_clusters",
                "cellrangermulti/count/10k_Wistar_Rat/outs/per_sample_outs/2500_Wistar_Rat_PBMCs_gem-x_OB3/analysis/clustering/gene_expression_kmeans_6_clusters/clusters.csv",
                "cellrangermulti/count/10k_Wistar_Rat/outs/per_sample_outs/2500_Wistar_Rat_PBMCs_gem-x_OB3/analysis/clustering/gene_expression_kmeans_7_clusters",
                "cellrangermulti/count/10k_Wistar_Rat/outs/per_sample_outs/2500_Wistar_Rat_PBMCs_gem-x_OB3/analysis/clustering/gene_expression_kmeans_7_clusters/clusters.csv",
                "cellrangermulti/count/10k_Wistar_Rat/outs/per_sample_outs/2500_Wistar_Rat_PBMCs_gem-x_OB3/analysis/clustering/gene_expression_kmeans_8_clusters",
                "cellrangermulti/count/10k_Wistar_Rat/outs/per_sample_outs/2500_Wistar_Rat_PBMCs_gem-x_OB3/analysis/clustering/gene_expression_kmeans_8_clusters/clusters.csv",
                "cellrangermulti/count/10k_Wistar_Rat/outs/per_sample_outs/2500_Wistar_Rat_PBMCs_gem-x_OB3/analysis/clustering/gene_expression_kmeans_9_clusters",
                "cellrangermulti/count/10k_Wistar_Rat/outs/per_sample_outs/2500_Wistar_Rat_PBMCs_gem-x_OB3/analysis/clustering/gene_expression_kmeans_9_clusters/clusters.csv",
                "cellrangermulti/count/10k_Wistar_Rat/outs/per_sample_outs/2500_Wistar_Rat_PBMCs_gem-x_OB3/analysis/diffexp",
                "cellrangermulti/count/10k_Wistar_Rat/outs/per_sample_outs/2500_Wistar_Rat_PBMCs_gem-x_OB3/analysis/diffexp/gene_expression_graphclust",
                "cellrangermulti/count/10k_Wistar_Rat/outs/per_sample_outs/2500_Wistar_Rat_PBMCs_gem-x_OB3/analysis/diffexp/gene_expression_graphclust/differential_expression.csv",
                "cellrangermulti/count/10k_Wistar_Rat/outs/per_sample_outs/2500_Wistar_Rat_PBMCs_gem-x_OB3/analysis/diffexp/gene_expression_kmeans_10_clusters",
                "cellrangermulti/count/10k_Wistar_Rat/outs/per_sample_outs/2500_Wistar_Rat_PBMCs_gem-x_OB3/analysis/diffexp/gene_expression_kmeans_10_clusters/differential_expression.csv",
                "cellrangermulti/count/10k_Wistar_Rat/outs/per_sample_outs/2500_Wistar_Rat_PBMCs_gem-x_OB3/analysis/diffexp/gene_expression_kmeans_2_clusters",
                "cellrangermulti/count/10k_Wistar_Rat/outs/per_sample_outs/2500_Wistar_Rat_PBMCs_gem-x_OB3/analysis/diffexp/gene_expression_kmeans_2_clusters/differential_expression.csv",
                "cellrangermulti/count/10k_Wistar_Rat/outs/per_sample_outs/2500_Wistar_Rat_PBMCs_gem-x_OB3/analysis/diffexp/gene_expression_kmeans_3_clusters",
                "cellrangermulti/count/10k_Wistar_Rat/outs/per_sample_outs/2500_Wistar_Rat_PBMCs_gem-x_OB3/analysis/diffexp/gene_expression_kmeans_3_clusters/differential_expression.csv",
                "cellrangermulti/count/10k_Wistar_Rat/outs/per_sample_outs/2500_Wistar_Rat_PBMCs_gem-x_OB3/analysis/diffexp/gene_expression_kmeans_4_clusters",
                "cellrangermulti/count/10k_Wistar_Rat/outs/per_sample_outs/2500_Wistar_Rat_PBMCs_gem-x_OB3/analysis/diffexp/gene_expression_kmeans_4_clusters/differential_expression.csv",
                "cellrangermulti/count/10k_Wistar_Rat/outs/per_sample_outs/2500_Wistar_Rat_PBMCs_gem-x_OB3/analysis/diffexp/gene_expression_kmeans_5_clusters",
                "cellrangermulti/count/10k_Wistar_Rat/outs/per_sample_outs/2500_Wistar_Rat_PBMCs_gem-x_OB3/analysis/diffexp/gene_expression_kmeans_5_clusters/differential_expression.csv",
                "cellrangermulti/count/10k_Wistar_Rat/outs/per_sample_outs/2500_Wistar_Rat_PBMCs_gem-x_OB3/analysis/diffexp/gene_expression_kmeans_6_clusters",
                "cellrangermulti/count/10k_Wistar_Rat/outs/per_sample_outs/2500_Wistar_Rat_PBMCs_gem-x_OB3/analysis/diffexp/gene_expression_kmeans_6_clusters/differential_expression.csv",
                "cellrangermulti/count/10k_Wistar_Rat/outs/per_sample_outs/2500_Wistar_Rat_PBMCs_gem-x_OB3/analysis/diffexp/gene_expression_kmeans_7_clusters",
                "cellrangermulti/count/10k_Wistar_Rat/outs/per_sample_outs/2500_Wistar_Rat_PBMCs_gem-x_OB3/analysis/diffexp/gene_expression_kmeans_7_clusters/differential_expression.csv",
                "cellrangermulti/count/10k_Wistar_Rat/outs/per_sample_outs/2500_Wistar_Rat_PBMCs_gem-x_OB3/analysis/diffexp/gene_expression_kmeans_8_clusters",
                "cellrangermulti/count/10k_Wistar_Rat/outs/per_sample_outs/2500_Wistar_Rat_PBMCs_gem-x_OB3/analysis/diffexp/gene_expression_kmeans_8_clusters/differential_expression.csv",
                "cellrangermulti/count/10k_Wistar_Rat/outs/per_sample_outs/2500_Wistar_Rat_PBMCs_gem-x_OB3/analysis/diffexp/gene_expression_kmeans_9_clusters",
                "cellrangermulti/count/10k_Wistar_Rat/outs/per_sample_outs/2500_Wistar_Rat_PBMCs_gem-x_OB3/analysis/diffexp/gene_expression_kmeans_9_clusters/differential_expression.csv",
                "cellrangermulti/count/10k_Wistar_Rat/outs/per_sample_outs/2500_Wistar_Rat_PBMCs_gem-x_OB3/analysis/pca",
                "cellrangermulti/count/10k_Wistar_Rat/outs/per_sample_outs/2500_Wistar_Rat_PBMCs_gem-x_OB3/analysis/pca/gene_expression_10_components",
                "cellrangermulti/count/10k_Wistar_Rat/outs/per_sample_outs/2500_Wistar_Rat_PBMCs_gem-x_OB3/analysis/pca/gene_expression_10_components/components.csv",
                "cellrangermulti/count/10k_Wistar_Rat/outs/per_sample_outs/2500_Wistar_Rat_PBMCs_gem-x_OB3/analysis/pca/gene_expression_10_components/dispersion.csv",
                "cellrangermulti/count/10k_Wistar_Rat/outs/per_sample_outs/2500_Wistar_Rat_PBMCs_gem-x_OB3/analysis/pca/gene_expression_10_components/features_selected.csv",
                "cellrangermulti/count/10k_Wistar_Rat/outs/per_sample_outs/2500_Wistar_Rat_PBMCs_gem-x_OB3/analysis/pca/gene_expression_10_components/projection.csv",
                "cellrangermulti/count/10k_Wistar_Rat/outs/per_sample_outs/2500_Wistar_Rat_PBMCs_gem-x_OB3/analysis/pca/gene_expression_10_components/variance.csv",
                "cellrangermulti/count/10k_Wistar_Rat/outs/per_sample_outs/2500_Wistar_Rat_PBMCs_gem-x_OB3/analysis/tsne",
                "cellrangermulti/count/10k_Wistar_Rat/outs/per_sample_outs/2500_Wistar_Rat_PBMCs_gem-x_OB3/analysis/tsne/gene_expression_2_components",
                "cellrangermulti/count/10k_Wistar_Rat/outs/per_sample_outs/2500_Wistar_Rat_PBMCs_gem-x_OB3/analysis/tsne/gene_expression_2_components/projection.csv",
                "cellrangermulti/count/10k_Wistar_Rat/outs/per_sample_outs/2500_Wistar_Rat_PBMCs_gem-x_OB3/analysis/umap",
                "cellrangermulti/count/10k_Wistar_Rat/outs/per_sample_outs/2500_Wistar_Rat_PBMCs_gem-x_OB3/analysis/umap/gene_expression_2_components",
                "cellrangermulti/count/10k_Wistar_Rat/outs/per_sample_outs/2500_Wistar_Rat_PBMCs_gem-x_OB3/analysis/umap/gene_expression_2_components/projection.csv",
                "cellrangermulti/count/10k_Wistar_Rat/outs/per_sample_outs/2500_Wistar_Rat_PBMCs_gem-x_OB3/metrics_summary.csv",
                "cellrangermulti/count/10k_Wistar_Rat/outs/per_sample_outs/2500_Wistar_Rat_PBMCs_gem-x_OB3/sample_alignments.bam",
                "cellrangermulti/count/10k_Wistar_Rat/outs/per_sample_outs/2500_Wistar_Rat_PBMCs_gem-x_OB3/sample_alignments.bam.bai",
                "cellrangermulti/count/10k_Wistar_Rat/outs/per_sample_outs/2500_Wistar_Rat_PBMCs_gem-x_OB3/sample_cloupe.cloupe",
                "cellrangermulti/count/10k_Wistar_Rat/outs/per_sample_outs/2500_Wistar_Rat_PBMCs_gem-x_OB3/sample_filtered_barcodes.csv",
                "cellrangermulti/count/10k_Wistar_Rat/outs/per_sample_outs/2500_Wistar_Rat_PBMCs_gem-x_OB3/sample_filtered_feature_bc_matrix",
                "cellrangermulti/count/10k_Wistar_Rat/outs/per_sample_outs/2500_Wistar_Rat_PBMCs_gem-x_OB3/sample_filtered_feature_bc_matrix.h5",
                "cellrangermulti/count/10k_Wistar_Rat/outs/per_sample_outs/2500_Wistar_Rat_PBMCs_gem-x_OB3/sample_filtered_feature_bc_matrix/barcodes.tsv.gz",
                "cellrangermulti/count/10k_Wistar_Rat/outs/per_sample_outs/2500_Wistar_Rat_PBMCs_gem-x_OB3/sample_filtered_feature_bc_matrix/features.tsv.gz",
                "cellrangermulti/count/10k_Wistar_Rat/outs/per_sample_outs/2500_Wistar_Rat_PBMCs_gem-x_OB3/sample_filtered_feature_bc_matrix/matrix.mtx.gz",
                "cellrangermulti/count/10k_Wistar_Rat/outs/per_sample_outs/2500_Wistar_Rat_PBMCs_gem-x_OB3/sample_molecule_info.h5",
                "cellrangermulti/count/10k_Wistar_Rat/outs/per_sample_outs/2500_Wistar_Rat_PBMCs_gem-x_OB3/sample_raw_feature_bc_matrix",
                "cellrangermulti/count/10k_Wistar_Rat/outs/per_sample_outs/2500_Wistar_Rat_PBMCs_gem-x_OB3/sample_raw_feature_bc_matrix.h5",
                "cellrangermulti/count/10k_Wistar_Rat/outs/per_sample_outs/2500_Wistar_Rat_PBMCs_gem-x_OB3/sample_raw_feature_bc_matrix/barcodes.tsv.gz",
                "cellrangermulti/count/10k_Wistar_Rat/outs/per_sample_outs/2500_Wistar_Rat_PBMCs_gem-x_OB3/sample_raw_feature_bc_matrix/features.tsv.gz",
                "cellrangermulti/count/10k_Wistar_Rat/outs/per_sample_outs/2500_Wistar_Rat_PBMCs_gem-x_OB3/sample_raw_feature_bc_matrix/matrix.mtx.gz",
                "cellrangermulti/count/10k_Wistar_Rat/outs/per_sample_outs/2500_Wistar_Rat_PBMCs_gem-x_OB3/web_summary.html",
                "cellrangermulti/count/10k_Wistar_Rat/outs/per_sample_outs/2500_Wistar_Rat_PBMCs_gem-x_OB4",
                "cellrangermulti/count/10k_Wistar_Rat/outs/per_sample_outs/2500_Wistar_Rat_PBMCs_gem-x_OB4/analysis",
                "cellrangermulti/count/10k_Wistar_Rat/outs/per_sample_outs/2500_Wistar_Rat_PBMCs_gem-x_OB4/analysis/clustering",
                "cellrangermulti/count/10k_Wistar_Rat/outs/per_sample_outs/2500_Wistar_Rat_PBMCs_gem-x_OB4/analysis/clustering/gene_expression_graphclust",
                "cellrangermulti/count/10k_Wistar_Rat/outs/per_sample_outs/2500_Wistar_Rat_PBMCs_gem-x_OB4/analysis/clustering/gene_expression_graphclust/clusters.csv",
                "cellrangermulti/count/10k_Wistar_Rat/outs/per_sample_outs/2500_Wistar_Rat_PBMCs_gem-x_OB4/analysis/clustering/gene_expression_kmeans_10_clusters",
                "cellrangermulti/count/10k_Wistar_Rat/outs/per_sample_outs/2500_Wistar_Rat_PBMCs_gem-x_OB4/analysis/clustering/gene_expression_kmeans_10_clusters/clusters.csv",
                "cellrangermulti/count/10k_Wistar_Rat/outs/per_sample_outs/2500_Wistar_Rat_PBMCs_gem-x_OB4/analysis/clustering/gene_expression_kmeans_2_clusters",
                "cellrangermulti/count/10k_Wistar_Rat/outs/per_sample_outs/2500_Wistar_Rat_PBMCs_gem-x_OB4/analysis/clustering/gene_expression_kmeans_2_clusters/clusters.csv",
                "cellrangermulti/count/10k_Wistar_Rat/outs/per_sample_outs/2500_Wistar_Rat_PBMCs_gem-x_OB4/analysis/clustering/gene_expression_kmeans_3_clusters",
                "cellrangermulti/count/10k_Wistar_Rat/outs/per_sample_outs/2500_Wistar_Rat_PBMCs_gem-x_OB4/analysis/clustering/gene_expression_kmeans_3_clusters/clusters.csv",
                "cellrangermulti/count/10k_Wistar_Rat/outs/per_sample_outs/2500_Wistar_Rat_PBMCs_gem-x_OB4/analysis/clustering/gene_expression_kmeans_4_clusters",
                "cellrangermulti/count/10k_Wistar_Rat/outs/per_sample_outs/2500_Wistar_Rat_PBMCs_gem-x_OB4/analysis/clustering/gene_expression_kmeans_4_clusters/clusters.csv",
                "cellrangermulti/count/10k_Wistar_Rat/outs/per_sample_outs/2500_Wistar_Rat_PBMCs_gem-x_OB4/analysis/clustering/gene_expression_kmeans_5_clusters",
                "cellrangermulti/count/10k_Wistar_Rat/outs/per_sample_outs/2500_Wistar_Rat_PBMCs_gem-x_OB4/analysis/clustering/gene_expression_kmeans_5_clusters/clusters.csv",
                "cellrangermulti/count/10k_Wistar_Rat/outs/per_sample_outs/2500_Wistar_Rat_PBMCs_gem-x_OB4/analysis/clustering/gene_expression_kmeans_6_clusters",
                "cellrangermulti/count/10k_Wistar_Rat/outs/per_sample_outs/2500_Wistar_Rat_PBMCs_gem-x_OB4/analysis/clustering/gene_expression_kmeans_6_clusters/clusters.csv",
                "cellrangermulti/count/10k_Wistar_Rat/outs/per_sample_outs/2500_Wistar_Rat_PBMCs_gem-x_OB4/analysis/clustering/gene_expression_kmeans_7_clusters",
                "cellrangermulti/count/10k_Wistar_Rat/outs/per_sample_outs/2500_Wistar_Rat_PBMCs_gem-x_OB4/analysis/clustering/gene_expression_kmeans_7_clusters/clusters.csv",
                "cellrangermulti/count/10k_Wistar_Rat/outs/per_sample_outs/2500_Wistar_Rat_PBMCs_gem-x_OB4/analysis/clustering/gene_expression_kmeans_8_clusters",
                "cellrangermulti/count/10k_Wistar_Rat/outs/per_sample_outs/2500_Wistar_Rat_PBMCs_gem-x_OB4/analysis/clustering/gene_expression_kmeans_8_clusters/clusters.csv",
                "cellrangermulti/count/10k_Wistar_Rat/outs/per_sample_outs/2500_Wistar_Rat_PBMCs_gem-x_OB4/analysis/clustering/gene_expression_kmeans_9_clusters",
                "cellrangermulti/count/10k_Wistar_Rat/outs/per_sample_outs/2500_Wistar_Rat_PBMCs_gem-x_OB4/analysis/clustering/gene_expression_kmeans_9_clusters/clusters.csv",
                "cellrangermulti/count/10k_Wistar_Rat/outs/per_sample_outs/2500_Wistar_Rat_PBMCs_gem-x_OB4/analysis/diffexp",
                "cellrangermulti/count/10k_Wistar_Rat/outs/per_sample_outs/2500_Wistar_Rat_PBMCs_gem-x_OB4/analysis/diffexp/gene_expression_graphclust",
                "cellrangermulti/count/10k_Wistar_Rat/outs/per_sample_outs/2500_Wistar_Rat_PBMCs_gem-x_OB4/analysis/diffexp/gene_expression_graphclust/differential_expression.csv",
                "cellrangermulti/count/10k_Wistar_Rat/outs/per_sample_outs/2500_Wistar_Rat_PBMCs_gem-x_OB4/analysis/diffexp/gene_expression_kmeans_10_clusters",
                "cellrangermulti/count/10k_Wistar_Rat/outs/per_sample_outs/2500_Wistar_Rat_PBMCs_gem-x_OB4/analysis/diffexp/gene_expression_kmeans_10_clusters/differential_expression.csv",
                "cellrangermulti/count/10k_Wistar_Rat/outs/per_sample_outs/2500_Wistar_Rat_PBMCs_gem-x_OB4/analysis/diffexp/gene_expression_kmeans_2_clusters",
                "cellrangermulti/count/10k_Wistar_Rat/outs/per_sample_outs/2500_Wistar_Rat_PBMCs_gem-x_OB4/analysis/diffexp/gene_expression_kmeans_2_clusters/differential_expression.csv",
                "cellrangermulti/count/10k_Wistar_Rat/outs/per_sample_outs/2500_Wistar_Rat_PBMCs_gem-x_OB4/analysis/diffexp/gene_expression_kmeans_3_clusters",
                "cellrangermulti/count/10k_Wistar_Rat/outs/per_sample_outs/2500_Wistar_Rat_PBMCs_gem-x_OB4/analysis/diffexp/gene_expression_kmeans_3_clusters/differential_expression.csv",
                "cellrangermulti/count/10k_Wistar_Rat/outs/per_sample_outs/2500_Wistar_Rat_PBMCs_gem-x_OB4/analysis/diffexp/gene_expression_kmeans_4_clusters",
                "cellrangermulti/count/10k_Wistar_Rat/outs/per_sample_outs/2500_Wistar_Rat_PBMCs_gem-x_OB4/analysis/diffexp/gene_expression_kmeans_4_clusters/differential_expression.csv",
                "cellrangermulti/count/10k_Wistar_Rat/outs/per_sample_outs/2500_Wistar_Rat_PBMCs_gem-x_OB4/analysis/diffexp/gene_expression_kmeans_5_clusters",
                "cellrangermulti/count/10k_Wistar_Rat/outs/per_sample_outs/2500_Wistar_Rat_PBMCs_gem-x_OB4/analysis/diffexp/gene_expression_kmeans_5_clusters/differential_expression.csv",
                "cellrangermulti/count/10k_Wistar_Rat/outs/per_sample_outs/2500_Wistar_Rat_PBMCs_gem-x_OB4/analysis/diffexp/gene_expression_kmeans_6_clusters",
                "cellrangermulti/count/10k_Wistar_Rat/outs/per_sample_outs/2500_Wistar_Rat_PBMCs_gem-x_OB4/analysis/diffexp/gene_expression_kmeans_6_clusters/differential_expression.csv",
                "cellrangermulti/count/10k_Wistar_Rat/outs/per_sample_outs/2500_Wistar_Rat_PBMCs_gem-x_OB4/analysis/diffexp/gene_expression_kmeans_7_clusters",
                "cellrangermulti/count/10k_Wistar_Rat/outs/per_sample_outs/2500_Wistar_Rat_PBMCs_gem-x_OB4/analysis/diffexp/gene_expression_kmeans_7_clusters/differential_expression.csv",
                "cellrangermulti/count/10k_Wistar_Rat/outs/per_sample_outs/2500_Wistar_Rat_PBMCs_gem-x_OB4/analysis/diffexp/gene_expression_kmeans_8_clusters",
                "cellrangermulti/count/10k_Wistar_Rat/outs/per_sample_outs/2500_Wistar_Rat_PBMCs_gem-x_OB4/analysis/diffexp/gene_expression_kmeans_8_clusters/differential_expression.csv",
                "cellrangermulti/count/10k_Wistar_Rat/outs/per_sample_outs/2500_Wistar_Rat_PBMCs_gem-x_OB4/analysis/diffexp/gene_expression_kmeans_9_clusters",
                "cellrangermulti/count/10k_Wistar_Rat/outs/per_sample_outs/2500_Wistar_Rat_PBMCs_gem-x_OB4/analysis/diffexp/gene_expression_kmeans_9_clusters/differential_expression.csv",
                "cellrangermulti/count/10k_Wistar_Rat/outs/per_sample_outs/2500_Wistar_Rat_PBMCs_gem-x_OB4/analysis/pca",
                "cellrangermulti/count/10k_Wistar_Rat/outs/per_sample_outs/2500_Wistar_Rat_PBMCs_gem-x_OB4/analysis/pca/gene_expression_10_components",
                "cellrangermulti/count/10k_Wistar_Rat/outs/per_sample_outs/2500_Wistar_Rat_PBMCs_gem-x_OB4/analysis/pca/gene_expression_10_components/components.csv",
                "cellrangermulti/count/10k_Wistar_Rat/outs/per_sample_outs/2500_Wistar_Rat_PBMCs_gem-x_OB4/analysis/pca/gene_expression_10_components/dispersion.csv",
                "cellrangermulti/count/10k_Wistar_Rat/outs/per_sample_outs/2500_Wistar_Rat_PBMCs_gem-x_OB4/analysis/pca/gene_expression_10_components/features_selected.csv",
                "cellrangermulti/count/10k_Wistar_Rat/outs/per_sample_outs/2500_Wistar_Rat_PBMCs_gem-x_OB4/analysis/pca/gene_expression_10_components/projection.csv",
                "cellrangermulti/count/10k_Wistar_Rat/outs/per_sample_outs/2500_Wistar_Rat_PBMCs_gem-x_OB4/analysis/pca/gene_expression_10_components/variance.csv",
                "cellrangermulti/count/10k_Wistar_Rat/outs/per_sample_outs/2500_Wistar_Rat_PBMCs_gem-x_OB4/analysis/tsne",
                "cellrangermulti/count/10k_Wistar_Rat/outs/per_sample_outs/2500_Wistar_Rat_PBMCs_gem-x_OB4/analysis/tsne/gene_expression_2_components",
                "cellrangermulti/count/10k_Wistar_Rat/outs/per_sample_outs/2500_Wistar_Rat_PBMCs_gem-x_OB4/analysis/tsne/gene_expression_2_components/projection.csv",
                "cellrangermulti/count/10k_Wistar_Rat/outs/per_sample_outs/2500_Wistar_Rat_PBMCs_gem-x_OB4/analysis/umap",
                "cellrangermulti/count/10k_Wistar_Rat/outs/per_sample_outs/2500_Wistar_Rat_PBMCs_gem-x_OB4/analysis/umap/gene_expression_2_components",
                "cellrangermulti/count/10k_Wistar_Rat/outs/per_sample_outs/2500_Wistar_Rat_PBMCs_gem-x_OB4/analysis/umap/gene_expression_2_components/projection.csv",
                "cellrangermulti/count/10k_Wistar_Rat/outs/per_sample_outs/2500_Wistar_Rat_PBMCs_gem-x_OB4/metrics_summary.csv",
                "cellrangermulti/count/10k_Wistar_Rat/outs/per_sample_outs/2500_Wistar_Rat_PBMCs_gem-x_OB4/sample_alignments.bam",
                "cellrangermulti/count/10k_Wistar_Rat/outs/per_sample_outs/2500_Wistar_Rat_PBMCs_gem-x_OB4/sample_alignments.bam.bai",
                "cellrangermulti/count/10k_Wistar_Rat/outs/per_sample_outs/2500_Wistar_Rat_PBMCs_gem-x_OB4/sample_cloupe.cloupe",
                "cellrangermulti/count/10k_Wistar_Rat/outs/per_sample_outs/2500_Wistar_Rat_PBMCs_gem-x_OB4/sample_filtered_barcodes.csv",
                "cellrangermulti/count/10k_Wistar_Rat/outs/per_sample_outs/2500_Wistar_Rat_PBMCs_gem-x_OB4/sample_filtered_feature_bc_matrix",
                "cellrangermulti/count/10k_Wistar_Rat/outs/per_sample_outs/2500_Wistar_Rat_PBMCs_gem-x_OB4/sample_filtered_feature_bc_matrix.h5",
                "cellrangermulti/count/10k_Wistar_Rat/outs/per_sample_outs/2500_Wistar_Rat_PBMCs_gem-x_OB4/sample_filtered_feature_bc_matrix/barcodes.tsv.gz",
                "cellrangermulti/count/10k_Wistar_Rat/outs/per_sample_outs/2500_Wistar_Rat_PBMCs_gem-x_OB4/sample_filtered_feature_bc_matrix/features.tsv.gz",
                "cellrangermulti/count/10k_Wistar_Rat/outs/per_sample_outs/2500_Wistar_Rat_PBMCs_gem-x_OB4/sample_filtered_feature_bc_matrix/matrix.mtx.gz",
                "cellrangermulti/count/10k_Wistar_Rat/outs/per_sample_outs/2500_Wistar_Rat_PBMCs_gem-x_OB4/sample_molecule_info.h5",
                "cellrangermulti/count/10k_Wistar_Rat/outs/per_sample_outs/2500_Wistar_Rat_PBMCs_gem-x_OB4/sample_raw_feature_bc_matrix",
                "cellrangermulti/count/10k_Wistar_Rat/outs/per_sample_outs/2500_Wistar_Rat_PBMCs_gem-x_OB4/sample_raw_feature_bc_matrix.h5",
                "cellrangermulti/count/10k_Wistar_Rat/outs/per_sample_outs/2500_Wistar_Rat_PBMCs_gem-x_OB4/sample_raw_feature_bc_matrix/barcodes.tsv.gz",
                "cellrangermulti/count/10k_Wistar_Rat/outs/per_sample_outs/2500_Wistar_Rat_PBMCs_gem-x_OB4/sample_raw_feature_bc_matrix/features.tsv.gz",
                "cellrangermulti/count/10k_Wistar_Rat/outs/per_sample_outs/2500_Wistar_Rat_PBMCs_gem-x_OB4/sample_raw_feature_bc_matrix/matrix.mtx.gz",
                "cellrangermulti/count/10k_Wistar_Rat/outs/per_sample_outs/2500_Wistar_Rat_PBMCs_gem-x_OB4/web_summary.html",
                "cellrangermulti/count/10k_Wistar_Rat/outs/qc_library_metrics.csv",
                "cellrangermulti/count/10k_Wistar_Rat/outs/qc_report.html",
                "cellrangermulti/count/10k_Wistar_Rat/outs/qc_sample_metrics.csv",
                "cellrangermulti/count/10k_Wistar_Rat/outs/raw_cloupe.cloupe",
                "cellrangermulti/count/10k_Wistar_Rat/outs/raw_feature_bc_matrix",
                "cellrangermulti/count/10k_Wistar_Rat/outs/raw_feature_bc_matrix.h5",
                "cellrangermulti/count/10k_Wistar_Rat/outs/raw_feature_bc_matrix/barcodes.tsv.gz",
                "cellrangermulti/count/10k_Wistar_Rat/outs/raw_feature_bc_matrix/features.tsv.gz",
                "cellrangermulti/count/10k_Wistar_Rat/outs/raw_feature_bc_matrix/matrix.mtx.gz",
                "cellrangermulti/count/10k_Wistar_Rat/outs/raw_molecule_info.h5",
                "cellrangermulti/count/10k_Wistar_Rat/outs/unassigned_alignments.bam",
                "cellrangermulti/count/10k_Wistar_Rat/outs/unassigned_alignments.bam.bai",
                "cellrangermulti/mkgtf",
                "cellrangermulti/mkgtf/Rattus_norvegicus.GRCr8.dna.primary_assembly.6_genes.filtered.gtf",
                "cellrangermulti/mkref",
                "cellrangermulti/mkref/gex_reference_version",
                "cellrangermulti/mkref/gex_reference_version/fasta",
                "cellrangermulti/mkref/gex_reference_version/fasta/genome.fa",
                "cellrangermulti/mkref/gex_reference_version/fasta/genome.fa.fai",
                "cellrangermulti/mkref/gex_reference_version/genes",
                "cellrangermulti/mkref/gex_reference_version/genes/genes.gtf.gz",
                "cellrangermulti/mkref/gex_reference_version/reference.json",
                "cellrangermulti/mkref/gex_reference_version/star",
                "cellrangermulti/mkref/gex_reference_version/star/Genome",
                "cellrangermulti/mkref/gex_reference_version/star/SA",
                "cellrangermulti/mkref/gex_reference_version/star/SAindex",
                "cellrangermulti/mkref/gex_reference_version/star/chrLength.txt",
                "cellrangermulti/mkref/gex_reference_version/star/chrName.txt",
                "cellrangermulti/mkref/gex_reference_version/star/chrNameLength.txt",
                "cellrangermulti/mkref/gex_reference_version/star/chrStart.txt",
                "cellrangermulti/mkref/gex_reference_version/star/exonGeTrInfo.tab",
                "cellrangermulti/mkref/gex_reference_version/star/exonInfo.tab",
                "cellrangermulti/mkref/gex_reference_version/star/geneInfo.tab",
                "cellrangermulti/mkref/gex_reference_version/star/genomeParameters.txt",
                "cellrangermulti/mkref/gex_reference_version/star/sjdbInfo.txt",
                "cellrangermulti/mkref/gex_reference_version/star/sjdbList.fromGTF.out.tab",
                "cellrangermulti/mkref/gex_reference_version/star/sjdbList.out.tab",
                "cellrangermulti/mkref/gex_reference_version/star/transcriptInfo.tab",
                "cellrangermulti/mtx_conversions",
                "cellrangermulti/mtx_conversions/10k_Wistar_Rat",
                "cellrangermulti/mtx_conversions/10k_Wistar_Rat/10k_Wistar_Rat_filtered_matrix.h5ad",
                "cellrangermulti/mtx_conversions/10k_Wistar_Rat/10k_Wistar_Rat_filtered_matrix.sce.rds",
                "cellrangermulti/mtx_conversions/10k_Wistar_Rat/10k_Wistar_Rat_filtered_matrix.seurat.rds",
                "cellrangermulti/mtx_conversions/10k_Wistar_Rat/10k_Wistar_Rat_raw_matrix.h5ad",
                "cellrangermulti/mtx_conversions/10k_Wistar_Rat/10k_Wistar_Rat_raw_matrix.sce.rds",
                "cellrangermulti/mtx_conversions/10k_Wistar_Rat/10k_Wistar_Rat_raw_matrix.seurat.rds",
                "cellrangermulti/mtx_conversions/2500_Wistar_Rat_PBMCs_gem-x_OB1",
                "cellrangermulti/mtx_conversions/2500_Wistar_Rat_PBMCs_gem-x_OB1/2500_Wistar_Rat_PBMCs_gem-x_OB1_filtered_matrix.h5ad",
                "cellrangermulti/mtx_conversions/2500_Wistar_Rat_PBMCs_gem-x_OB1/2500_Wistar_Rat_PBMCs_gem-x_OB1_filtered_matrix.sce.rds",
                "cellrangermulti/mtx_conversions/2500_Wistar_Rat_PBMCs_gem-x_OB1/2500_Wistar_Rat_PBMCs_gem-x_OB1_filtered_matrix.seurat.rds",
                "cellrangermulti/mtx_conversions/2500_Wistar_Rat_PBMCs_gem-x_OB1/2500_Wistar_Rat_PBMCs_gem-x_OB1_raw_matrix.h5ad",
                "cellrangermulti/mtx_conversions/2500_Wistar_Rat_PBMCs_gem-x_OB1/2500_Wistar_Rat_PBMCs_gem-x_OB1_raw_matrix.sce.rds",
                "cellrangermulti/mtx_conversions/2500_Wistar_Rat_PBMCs_gem-x_OB1/2500_Wistar_Rat_PBMCs_gem-x_OB1_raw_matrix.seurat.rds",
                "cellrangermulti/mtx_conversions/2500_Wistar_Rat_PBMCs_gem-x_OB2",
                "cellrangermulti/mtx_conversions/2500_Wistar_Rat_PBMCs_gem-x_OB2/2500_Wistar_Rat_PBMCs_gem-x_OB2_filtered_matrix.h5ad",
                "cellrangermulti/mtx_conversions/2500_Wistar_Rat_PBMCs_gem-x_OB2/2500_Wistar_Rat_PBMCs_gem-x_OB2_filtered_matrix.sce.rds",
                "cellrangermulti/mtx_conversions/2500_Wistar_Rat_PBMCs_gem-x_OB2/2500_Wistar_Rat_PBMCs_gem-x_OB2_filtered_matrix.seurat.rds",
                "cellrangermulti/mtx_conversions/2500_Wistar_Rat_PBMCs_gem-x_OB2/2500_Wistar_Rat_PBMCs_gem-x_OB2_raw_matrix.h5ad",
                "cellrangermulti/mtx_conversions/2500_Wistar_Rat_PBMCs_gem-x_OB2/2500_Wistar_Rat_PBMCs_gem-x_OB2_raw_matrix.sce.rds",
                "cellrangermulti/mtx_conversions/2500_Wistar_Rat_PBMCs_gem-x_OB2/2500_Wistar_Rat_PBMCs_gem-x_OB2_raw_matrix.seurat.rds",
                "cellrangermulti/mtx_conversions/2500_Wistar_Rat_PBMCs_gem-x_OB3",
                "cellrangermulti/mtx_conversions/2500_Wistar_Rat_PBMCs_gem-x_OB3/2500_Wistar_Rat_PBMCs_gem-x_OB3_filtered_matrix.h5ad",
                "cellrangermulti/mtx_conversions/2500_Wistar_Rat_PBMCs_gem-x_OB3/2500_Wistar_Rat_PBMCs_gem-x_OB3_filtered_matrix.sce.rds",
                "cellrangermulti/mtx_conversions/2500_Wistar_Rat_PBMCs_gem-x_OB3/2500_Wistar_Rat_PBMCs_gem-x_OB3_filtered_matrix.seurat.rds",
                "cellrangermulti/mtx_conversions/2500_Wistar_Rat_PBMCs_gem-x_OB3/2500_Wistar_Rat_PBMCs_gem-x_OB3_raw_matrix.h5ad",
                "cellrangermulti/mtx_conversions/2500_Wistar_Rat_PBMCs_gem-x_OB3/2500_Wistar_Rat_PBMCs_gem-x_OB3_raw_matrix.sce.rds",
                "cellrangermulti/mtx_conversions/2500_Wistar_Rat_PBMCs_gem-x_OB3/2500_Wistar_Rat_PBMCs_gem-x_OB3_raw_matrix.seurat.rds",
                "cellrangermulti/mtx_conversions/2500_Wistar_Rat_PBMCs_gem-x_OB4",
                "cellrangermulti/mtx_conversions/2500_Wistar_Rat_PBMCs_gem-x_OB4/2500_Wistar_Rat_PBMCs_gem-x_OB4_filtered_matrix.h5ad",
                "cellrangermulti/mtx_conversions/2500_Wistar_Rat_PBMCs_gem-x_OB4/2500_Wistar_Rat_PBMCs_gem-x_OB4_filtered_matrix.sce.rds",
                "cellrangermulti/mtx_conversions/2500_Wistar_Rat_PBMCs_gem-x_OB4/2500_Wistar_Rat_PBMCs_gem-x_OB4_filtered_matrix.seurat.rds",
                "cellrangermulti/mtx_conversions/2500_Wistar_Rat_PBMCs_gem-x_OB4/2500_Wistar_Rat_PBMCs_gem-x_OB4_raw_matrix.h5ad",
                "cellrangermulti/mtx_conversions/2500_Wistar_Rat_PBMCs_gem-x_OB4/2500_Wistar_Rat_PBMCs_gem-x_OB4_raw_matrix.sce.rds",
                "cellrangermulti/mtx_conversions/2500_Wistar_Rat_PBMCs_gem-x_OB4/2500_Wistar_Rat_PBMCs_gem-x_OB4_raw_matrix.seurat.rds",
                "cellrangermulti/mtx_conversions/combined_filtered_matrix.h5ad",
                "cellrangermulti/mtx_conversions/combined_filtered_matrix.sce.rds",
                "cellrangermulti/mtx_conversions/combined_filtered_matrix.seurat.rds",
                "cellrangermulti/mtx_conversions/combined_raw_matrix.h5ad",
                "cellrangermulti/mtx_conversions/combined_raw_matrix.sce.rds",
                "cellrangermulti/mtx_conversions/combined_raw_matrix.seurat.rds",
                "fastqc",
                "fastqc/10k_Wistar_Rat_gex_10_fastqc.html",
                "fastqc/10k_Wistar_Rat_gex_10_fastqc.zip",
                "fastqc/10k_Wistar_Rat_gex_11_fastqc.html",
                "fastqc/10k_Wistar_Rat_gex_11_fastqc.zip",
                "fastqc/10k_Wistar_Rat_gex_12_fastqc.html",
                "fastqc/10k_Wistar_Rat_gex_12_fastqc.zip",
                "fastqc/10k_Wistar_Rat_gex_1_fastqc.html",
                "fastqc/10k_Wistar_Rat_gex_1_fastqc.zip",
                "fastqc/10k_Wistar_Rat_gex_2_fastqc.html",
                "fastqc/10k_Wistar_Rat_gex_2_fastqc.zip",
                "fastqc/10k_Wistar_Rat_gex_3_fastqc.html",
                "fastqc/10k_Wistar_Rat_gex_3_fastqc.zip",
                "fastqc/10k_Wistar_Rat_gex_4_fastqc.html",
                "fastqc/10k_Wistar_Rat_gex_4_fastqc.zip",
                "fastqc/10k_Wistar_Rat_gex_5_fastqc.html",
                "fastqc/10k_Wistar_Rat_gex_5_fastqc.zip",
                "fastqc/10k_Wistar_Rat_gex_6_fastqc.html",
                "fastqc/10k_Wistar_Rat_gex_6_fastqc.zip",
                "fastqc/10k_Wistar_Rat_gex_7_fastqc.html",
                "fastqc/10k_Wistar_Rat_gex_7_fastqc.zip",
                "fastqc/10k_Wistar_Rat_gex_8_fastqc.html",
                "fastqc/10k_Wistar_Rat_gex_8_fastqc.zip",
                "fastqc/10k_Wistar_Rat_gex_9_fastqc.html",
                "fastqc/10k_Wistar_Rat_gex_9_fastqc.zip",
                "multiqc",
                "multiqc/multiqc_data",
                "multiqc/multiqc_data/fastqc-status-check-heatmap.txt",
                "multiqc/multiqc_data/fastqc_adapter_content_plot.txt",
                "multiqc/multiqc_data/fastqc_per_base_n_content_plot.txt",
                "multiqc/multiqc_data/fastqc_per_base_sequence_quality_plot.txt",
                "multiqc/multiqc_data/fastqc_per_sequence_gc_content_plot_Counts.txt",
                "multiqc/multiqc_data/fastqc_per_sequence_gc_content_plot_Percentages.txt",
                "multiqc/multiqc_data/fastqc_per_sequence_quality_scores_plot.txt",
                "multiqc/multiqc_data/fastqc_sequence_counts_plot.txt",
                "multiqc/multiqc_data/fastqc_sequence_duplication_levels_plot.txt",
                "multiqc/multiqc_data/fastqc_top_overrepresented_sequences_table.txt",
                "multiqc/multiqc_data/llms-full.txt",
                "multiqc/multiqc_data/multiqc.log",
                "multiqc/multiqc_data/multiqc.parquet",
                "multiqc/multiqc_data/multiqc_citations.txt",
                "multiqc/multiqc_data/multiqc_data.json",
                "multiqc/multiqc_data/multiqc_fastqc.txt",
                "multiqc/multiqc_data/multiqc_general_stats.txt",
                "multiqc/multiqc_data/multiqc_software_versions.txt",
                "multiqc/multiqc_data/multiqc_sources.txt",
                "multiqc/multiqc_plots",
                "multiqc/multiqc_plots/pdf",
                "multiqc/multiqc_plots/png",
                "multiqc/multiqc_plots/svg",
                "multiqc/multiqc_report.html",
                "pipeline_info",
                "pipeline_info/nf_core_scrnaseq_software_mqc_versions.yml"
            ],
            [
                "aggr_cellrangermulti.csv:md5,194bf9681bd7ab26f00085cce2fb2450",
                "barcodes.tsv.gz:md5,71e5825cb002307004c127e536e4de58",
                "features.tsv.gz:md5,8fa9d4793f16eccc9713f55240927227",
                "matrix.mtx.gz:md5,00ac7b8feec55f0dc0cf86b676bcfbfb",
                "barcodes.tsv.gz:md5,c26070fef856f774ff8945f130dad591",
                "features.tsv.gz:md5,8fa9d4793f16eccc9713f55240927227",
                "matrix.mtx.gz:md5,2cc0f17ef8a9dc6c2d1414dfcfcb37b0",
                "barcodes.tsv.gz:md5,963fb610c6e379c9285314ae07cb41be",
                "features.tsv.gz:md5,8fa9d4793f16eccc9713f55240927227",
                "matrix.mtx.gz:md5,a0b1a644a9ac351a95f94582be3e854e",
                "barcodes.tsv.gz:md5,bc611866b6e7f0ad6c6025139924f039",
                "features.tsv.gz:md5,8fa9d4793f16eccc9713f55240927227",
                "matrix.mtx.gz:md5,cb94573716ab30e32d2cd15a75a89479",
                "barcodes.tsv.gz:md5,4d1716fb5b1aae766e58e8ad971040a6",
                "features.tsv.gz:md5,8fa9d4793f16eccc9713f55240927227",
                "matrix.mtx.gz:md5,cbd42538921557087580c0591c7c08a6",
                "barcodes.tsv.gz:md5,32511b388ae83dc6a52766c805a87804",
                "features.tsv.gz:md5,8fa9d4793f16eccc9713f55240927227",
                "matrix.mtx.gz:md5,642473514b18bd810534ac5897d00233",
                "barcodes.tsv.gz:md5,b6fae74b4c42d097b2325462729c795b",
                "features.tsv.gz:md5,8fa9d4793f16eccc9713f55240927227",
                "matrix.mtx.gz:md5,068d46ba0685edb806afd0f19b26c34f",
                "barcodes.tsv.gz:md5,bb62ec4602c7579b20adf5ad2b4124d2",
                "features.tsv.gz:md5,8fa9d4793f16eccc9713f55240927227",
                "matrix.mtx.gz:md5,e4d9e126bded5c6753aeccc648e0e27c",
                "barcodes.tsv.gz:md5,e9a3e5323176ac3dfcad090f4a17d788",
                "features.tsv.gz:md5,8fa9d4793f16eccc9713f55240927227",
                "matrix.mtx.gz:md5,af19213f276488cc7ab8bf5ec17d3392",
                "barcodes.tsv.gz:md5,b8392e06463e9b5d87528c2898539540",
                "features.tsv.gz:md5,8fa9d4793f16eccc9713f55240927227",
                "matrix.mtx.gz:md5,47e3afde72b314a72e0573d14cab4bd6",
                "Rattus_norvegicus.GRCr8.dna.primary_assembly.6_genes.filtered.gtf:md5,dbdc8741d41ed21765b77b57459006a2",
                "genome.fa:md5,4314b5b9035bda1101636a10159680a3",
                "genome.fa.fai:md5,abbcafd221163873f0519fa7d0563af8",
                "genes.gtf.gz:md5,dbdc8741d41ed21765b77b57459006a2",
                "Genome:md5,ce404f0447fc024a4e190185d4a111e5",
                "SA:md5,7c8bed817e7f4270cd9df4062e56163d",
                "SAindex:md5,40c2440329d694ec3617647013843f29",
                "chrLength.txt:md5,8af4aed7c6f777e97f6a496971b1eafb",
                "chrName.txt:md5,9ae0ea9e3c9c6e1b9b6252c8395efdc1",
                "chrNameLength.txt:md5,320bcf8d43360f56798f9c9ef8902912",
                "chrStart.txt:md5,b86d62bcd2bd6bbb4bcdd70dca970e75",
                "exonGeTrInfo.tab:md5,a508619baf370b47e6e37a49b4b3d68e",
                "exonInfo.tab:md5,af6569a5f6f847de94f7eaab6a983e78",
                "geneInfo.tab:md5,5db6b5b3a04b50c344d40a6b6d2ac6f6",
                "sjdbInfo.txt:md5,0287f9cab40f017f4cb38bf6323fcad2",
                "sjdbList.fromGTF.out.tab:md5,9da6bf88d4db31fc45c9539c208ddfb2",
                "sjdbList.out.tab:md5,ba3e77193e83da4d2b6afda1d88db7c5",
                "transcriptInfo.tab:md5,8aff6686075620c1101ebf570e7f07d1",
                "10k_Wistar_Rat_filtered_matrix.h5ad:md5,e0fbf12036d97255761a47c1f17b408f",
                "10k_Wistar_Rat_filtered_matrix.sce.rds:md5,7abcae9a490b2b3fb8a30b75b4a62767",
                "10k_Wistar_Rat_filtered_matrix.seurat.rds:md5,8c7cd97091f0633b976d51a7ed4cbcb3",
                "10k_Wistar_Rat_raw_matrix.h5ad:md5,4331c468fd0d06797f2cf24d88491c5a",
                "10k_Wistar_Rat_raw_matrix.sce.rds:md5,efbfa7a13c81c727036419906c5d3801",
                "10k_Wistar_Rat_raw_matrix.seurat.rds:md5,fde7a831df8c730d60168897470cab7d",
                "2500_Wistar_Rat_PBMCs_gem-x_OB1_filtered_matrix.h5ad:md5,931906e1df9fe1428abfe38da0d306d5",
                "2500_Wistar_Rat_PBMCs_gem-x_OB1_filtered_matrix.sce.rds:md5,07d5f641f8feea42fad6ed133c0c072a",
                "2500_Wistar_Rat_PBMCs_gem-x_OB1_filtered_matrix.seurat.rds:md5,037c137e0f20fbcbbec56d066551c5da",
                "2500_Wistar_Rat_PBMCs_gem-x_OB1_raw_matrix.h5ad:md5,0147eddafa35dd92e7d9f08e70272f1b",
                "2500_Wistar_Rat_PBMCs_gem-x_OB1_raw_matrix.sce.rds:md5,2aef9fc732956c2b5dc282c78aefdad1",
                "2500_Wistar_Rat_PBMCs_gem-x_OB1_raw_matrix.seurat.rds:md5,23e76505b08109e5f0565d4bc4f556a9",
                "2500_Wistar_Rat_PBMCs_gem-x_OB2_filtered_matrix.h5ad:md5,fbffad8eb2bd26e2729bce092ed522f6",
                "2500_Wistar_Rat_PBMCs_gem-x_OB2_filtered_matrix.sce.rds:md5,8d7f8eeb8e27f94ec8d1aa263660a6a3",
                "2500_Wistar_Rat_PBMCs_gem-x_OB2_filtered_matrix.seurat.rds:md5,d02043db4e639b751591efd34697b5e9",
                "2500_Wistar_Rat_PBMCs_gem-x_OB2_raw_matrix.h5ad:md5,867817275675c7a2958622e5aa57b595",
                "2500_Wistar_Rat_PBMCs_gem-x_OB2_raw_matrix.sce.rds:md5,79f847d997d543d7bf373e5a069c96e7",
                "2500_Wistar_Rat_PBMCs_gem-x_OB2_raw_matrix.seurat.rds:md5,5b38624f30c2dbc0ca45e624d45e272d",
                "2500_Wistar_Rat_PBMCs_gem-x_OB3_filtered_matrix.h5ad:md5,62a6141901cbe4283b63c53ac1bf7279",
                "2500_Wistar_Rat_PBMCs_gem-x_OB3_filtered_matrix.sce.rds:md5,a879cd10b955071724fe949abf0a66fe",
                "2500_Wistar_Rat_PBMCs_gem-x_OB3_filtered_matrix.seurat.rds:md5,b1a419adb8135c35d4f9a5d7cd26142f",
                "2500_Wistar_Rat_PBMCs_gem-x_OB3_raw_matrix.h5ad:md5,747bf50954050b5038603b45a9ca0956",
                "2500_Wistar_Rat_PBMCs_gem-x_OB3_raw_matrix.sce.rds:md5,b463b7a1e9a751c506278a06cda1fd09",
                "2500_Wistar_Rat_PBMCs_gem-x_OB3_raw_matrix.seurat.rds:md5,81d79ae75d5082f147f0fa30f8cc35c8",
                "2500_Wistar_Rat_PBMCs_gem-x_OB4_filtered_matrix.h5ad:md5,272fbbeca0b4f43ee6ba8918525d4381",
                "2500_Wistar_Rat_PBMCs_gem-x_OB4_filtered_matrix.sce.rds:md5,6e32d938734d50010d139724a9e33f9c",
                "2500_Wistar_Rat_PBMCs_gem-x_OB4_filtered_matrix.seurat.rds:md5,68509bdbd9a6f93bab4c27514112b152",
                "2500_Wistar_Rat_PBMCs_gem-x_OB4_raw_matrix.h5ad:md5,7c5e8698af12259945681c5dbd402d91",
                "2500_Wistar_Rat_PBMCs_gem-x_OB4_raw_matrix.sce.rds:md5,456a55aa634840e88daf36b92dc7c3f3",
                "2500_Wistar_Rat_PBMCs_gem-x_OB4_raw_matrix.seurat.rds:md5,a56c5bae36ac772761d3af0e62b5fa72",
                "fastqc-status-check-heatmap.txt:md5,89acc155c18f65434b41b4dc8645fe2f",
                "fastqc_adapter_content_plot.txt:md5,fa8ef0df2f740304fab23bfd39787bc3",
                "fastqc_per_base_n_content_plot.txt:md5,04fc06c6af2f783ab3188a5838285849",
                "fastqc_per_base_sequence_quality_plot.txt:md5,ffeabda871f78440a15d959567601791",
                "fastqc_per_sequence_gc_content_plot_Counts.txt:md5,4ebf2bfd96242ea308f43e1a5e1423aa",
                "fastqc_per_sequence_gc_content_plot_Percentages.txt:md5,7da26fbfce7c93ccf3c020c569507b77",
                "fastqc_per_sequence_quality_scores_plot.txt:md5,50e69aa963f640ebae7202d348652e34",
                "fastqc_sequence_counts_plot.txt:md5,dcda4266556333b99714953a65f23f92",
                "fastqc_sequence_duplication_levels_plot.txt:md5,1e58df8383b865f8e10623140290b79e",
                "multiqc_citations.txt:md5,4c806e63a283ec1b7e78cdae3a923d4f",
                "multiqc_fastqc.txt:md5,026ffbdf07192dde0ece1347e249beaf",
                "multiqc_general_stats.txt:md5,5496b8ed2f29e4210018b5a9f1b7dc18"
            ]
        ],
        "timestamp": "2026-03-13T12:49:22.119945249",
        "meta": {
            "nf-test": "0.9.4",
            "nextflow": "25.04.6"
        }
    }
}